// Jest Snapshot v1, https://goo.gl/fbAQLP

exports[`Checkbox component Component with only necessary props matches snapshot 1`] = `
<View
  style={
    Array [
      Object {
        "alignItems": "center",
        "flexDirection": "row",
        "width": "100%",
      },
    ]
  }
>
  <View
    pointerEvents="auto"
  >
    <RNCCheckbox
      forwardedRef={null}
      onValueChange={[Function]}
      style={
        Array [
          Object {
            "backgroundColor": "transparent",
            "height": 32,
            "width": 32,
          },
          undefined,
        ]
      }
      tintColors={
        Object {
          "false": "#757575",
          "true": "#A22841",
        }
      }
      value={true}
    />
  </View>
  <Text
    style={
      Array [
        Object {
          "alignSelf": "auto",
          "color": "#000",
          "fontSize": 20,
          "fontWeight": "500",
          "marginLeft": 40,
        },
      ]
    }
  >
    <Text
      color="black"
      size="md"
      style={
        Array [
          Object {
            "color": "#000",
            "fontSize": 12,
            "fontStyle": "normal",
            "fontWeight": "normal",
            "textDecorationColor": "black",
            "textDecorationLine": "none",
            "textDecorationStyle": "solid",
          },
        ]
      }
    >
      abc
    </Text>
  </Text>
</View>
`;
