// Jest Snapshot v1, https://goo.gl/fbAQLP

exports[`Image component Component matches snapshot 1`] = `
<View
  borderRadius={NaN}
  style={
    Array [
      Object {
        "backgroundColor": "#000",
        "borderColor": "#000",
        "marginBottom": 0,
        "marginLeft": 0,
        "marginRight": 0,
        "marginTop": 0,
        "paddingBottom": 0,
        "paddingLeft": 0,
        "paddingRight": 0,
        "paddingTop": 0,
      },
    ]
  }
>
  <Image
    source={
      Object {
        "uri": "https://i.pinimg.com/originals/53/54/81/535481ed597409956a8e1288987a4ae3.jpg",
      }
    }
    style={
      Array [
        Object {
          "borderRadius": 0,
          "height": 0,
          "width": 0,
        },
      ]
    }
  />
</View>
`;
