// Jest Snapshot v1, https://goo.gl/fbAQLP

exports[`Button component Component with only necessary props matches snapshot 1`] = `
<View
  accessible={true}
  focusable={true}
  onClick={[Function]}
  onResponderGrant={[Function]}
  onResponderMove={[Function]}
  onResponderRelease={[Function]}
  onResponderTerminate={[Function]}
  onResponderTerminationRequest={[Function]}
  onStartShouldSetResponder={[Function]}
  style={
    Object {
      "backgroundColor": "#0265d6",
      "borderColor": "#0265d6",
      "borderRadius": 6,
      "borderWidth": 1,
      "marginVertical": 7,
      "opacity": 1,
      "paddingVertical": 14,
    }
  }
  testID="sommelier-button"
>
  <Text
    style={
      Array [
        Object {
          "alignSelf": "center",
          "color": "#fff",
          "fontSize": 20,
          "fontWeight": "500",
        },
      ]
    }
  >
    abc
  </Text>
</View>
`;
